{
  "kd": {
    "n_listings_raw": 37312,
    "n_listings_deduped": 35195,
    "n_duplicates_removed": 2117,
    "n_cells": 256,
    "n_months": 44,
    "panel_rows": 6799,
    "feature_rows": 3953,
    "first_month": "2023-01",
    "last_month": "2026-08"
  },
  "wf": {
    "mae": 211.9352308491179,
    "mape": 8.118925352259827,
    "r2": 0.8073786194554667
  },
  "naive": {
    "mae": 264.27424507658645,
    "mape": 10.170313926776107,
    "r2": 0.7038476938521243
  },
  "spatial": {
    "mae": 207.55560670520217,
    "mape": 8.397496197872881,
    "r2": 0.8113765353645102
  },
  "coverage": {
    "alpha": 0.2,
    "calibration_months": [
      "2025-12",
      "2026-01",
      "2026-02",
      "2026-03",
      "2026-04",
      "2026-05"
    ],
    "holdout_months": [
      "2026-06",
      "2026-07",
      "2026-08"
    ],
    "coverage_q10_q90": 0.7464285714285714
  },
  "shap": {
    "dist_centre_km": 305.9481506347656,
    "nbr_price_prev_month": 118.81165313720703,
    "month_ix": 104.47451782226562,
    "dist_metro_km": 29.877689361572266,
    "lag_own_1m": 26.184722900390625,
    "mom_3m": 18.688385009765625,
    "lag_own_3m": 17.50569725036621,
    "new_share_prev_month": 16.311235427856445,
    "dist_nearest_node_km": 13.21696662902832,
    "dist_node_lokbatan_km": 12.509159088134766,
    "dist_node_zigh_hovsan_km": 11.300477027893066,
    "dist_node_alat_km": 10.280017852783203,
    "dist_treatment_km": 9.790759086608887,
    "dist_node_sumgait_km": 9.200003623962402,
    "dist_node_khirdalan_km": 8.34874153137207
  },
  "cell": "kd:10010011",
  "predictions": [
    {
      "h3": "kd:10010011",
      "base_month": "2026-08",
      "horizon_months": 12,
      "scenario": "baseline",
      "q10": 2460.0717779789265,
      "q50": 3596.4382539941016,
      "q90": 5226.381217252879,
      "appreciation_pct": -5.6845102802344005,
      "hotspot_prob": 0.40434269097428577
    },
    {
      "h3": "kd:10010011",
      "base_month": "2026-08",
      "horizon_months": 24,
      "scenario": "baseline",
      "q10": 1965.507928448219,
      "q50": 3553.2937168295366,
      "q90": 5830.728265945765,
      "appreciation_pct": -6.8159625293838015,
      "hotspot_prob": 0.40068388472642735
    },
    {
      "h3": "kd:10010011",
      "base_month": "2026-08",
      "horizon_months": 12,
      "scenario": "polycentric",
      "q10": 2476.262931749748,
      "q50": 3620.108492122488,
      "q90": 5260.779051783949,
      "appreciation_pct": -5.06376554803084,
      "hotspot_prob": 0.39477434580947146
    },
    {
      "h3": "kd:10010011",
      "base_month": "2026-08",
      "horizon_months": 24,
      "scenario": "polycentric",
      "q10": 1991.4653553297915,
      "q50": 3600.2201934457735,
      "q90": 5907.731619856984,
      "appreciation_pct": -5.585330078522666,
      "hotspot_prob": 0.38906230061447844
    },
    {
      "h3": "kd:10010011",
      "base_month": "2026-08",
      "horizon_months": 12,
      "scenario": "transit",
      "q10": 2468.154078102279,
      "q50": 3608.253963439688,
      "q90": 5243.551928260178,
      "appreciation_pct": -5.374646925425153,
      "hotspot_prob": 0.4013825978155465
    },
    {
      "h3": "kd:10010011",
      "base_month": "2026-08",
      "horizon_months": 24,
      "scenario": "transit",
      "q10": 1978.4440717722234,
      "q50": 3576.679995830447,
      "q90": 5869.103657588753,
      "appreciation_pct": -6.202664538171431,
      "hotspot_prob": 0.39445220461685426
    }
  ]
}
