[pipeline] generating listings (offline synthetic feed)...
[pipeline] dedup over 37,312 listings...
[pipeline] removed 2,117 broker re-posts
[pipeline] tessellation: {'name': 'kdtree_n140', 'kind': 'kdtree', 'target_per_cell': 140, 'n_cells': 256, 'listings_per_cell_min': 136, 'listings_per_cell_median': 137, 'listings_per_cell_max': 138, 'n_blocks': 8}
[pipeline] filtered to 256 land cells (dropped cells centred at sea)
[pipeline] panel: 256 cells x 44 months (6,799 observed cell-months)
[pipeline] built 35 market micro-zones
[pipeline] feature matrix: 3,953 rows x 22 features
[pipeline] temporal walk-forward evaluation...
[pipeline] spatial blocked CV evaluation...
[pipeline] final baseline fit + SHAP...
[pipeline] conformalized quantile regression...
[pipeline] fitting ridge forecaster...
[pipeline] spatial DiD around the treatment station...
[pipeline] writing artifacts...
[pipeline] done in 109.4s -> C:\Users\BAKU\OneDrive\Рабочий стол\SITE-hw03\homework-3-team-70\holbertonschool_final-project\.presentation-build\research-kdtree
kdtree {"tessellation": {"name": "kdtree_n140", "kind": "kdtree", "target_per_cell": 140, "n_cells": 256, "listings_per_cell_min": 136, "listings_per_cell_median": 137, "listings_per_cell_max": 138, "n_blocks": 8}, "dataset": {"n_listings_raw": 37312, "n_listings_deduped": 35195, "n_duplicates_removed": 2117, "n_cells": 256, "n_months": 44, "panel_rows": 6799, "feature_rows": 3953, "first_month": "2023-01", "last_month": "2026-08"}, "conformal": {"alpha": 0.2, "calibration_months": ["2025-12", "2026-01", "2026-02", "2026-03", "2026-04", "2026-05"], "holdout_months": ["2026-06", "2026-07", "2026-08"], "coverage_q10_q90": 0.7464285714285714}, "forecaster": "SpatialLagRidgeForecaster", "scenario_engine": {"node_gravity_slope_log_per_month": 0.005862609032272476, "did_att_log_used": 0.06749224093078372}, "runtime_seconds": 109.4, "fast_mode": false}
[pipeline] generating listings (offline synthetic feed)...
[pipeline] dedup over 37,312 listings...
[pipeline] removed 2,117 broker re-posts
[pipeline] tessellation: {'name': 'h3_res8', 'kind': 'h3', 'resolution': 8, 'block_resolution': 6, 'mean_cell_area_km2': 0.737}
[pipeline] filtered to 914 land cells (dropped cells centred at sea)
[pipeline] panel: 368 cells x 44 months (4,319 observed cell-months)
[pipeline] built 35 market micro-zones
[pipeline] feature matrix: 2,600 rows x 22 features
[pipeline] temporal walk-forward evaluation...
[pipeline] spatial blocked CV evaluation...
[pipeline] final baseline fit + SHAP...
[pipeline] conformalized quantile regression...
[pipeline] fitting ridge forecaster...
[pipeline] spatial DiD around the treatment station...
[pipeline] writing artifacts...
[pipeline] done in 70.2s -> C:\Users\BAKU\OneDrive\Рабочий стол\SITE-hw03\homework-3-team-70\holbertonschool_final-project\.presentation-build\research-h3
h3 {"tessellation": {"name": "h3_res8", "kind": "h3", "resolution": 8, "block_resolution": 6, "mean_cell_area_km2": 0.737}, "dataset": {"n_listings_raw": 37312, "n_listings_deduped": 35195, "n_duplicates_removed": 2117, "n_cells": 368, "n_months": 44, "panel_rows": 4319, "feature_rows": 2600, "first_month": "2023-01", "last_month": "2026-08"}, "conformal": {"alpha": 0.2, "calibration_months": ["2025-12", "2026-01", "2026-02", "2026-03", "2026-04", "2026-05"], "holdout_months": ["2026-06", "2026-07", "2026-08"], "coverage_q10_q90": 0.7456647398843931}, "forecaster": "SpatialLagRidgeForecaster", "scenario_engine": {"node_gravity_slope_log_per_month": 0.004552896899621818, "did_att_log_used": 0.06749224093078372}, "runtime_seconds": 70.2, "fast_mode": false}
